// Jest Snapshot v1, https://goo.gl/fbAQLP

exports[`App test should render the root app component 1`] = `ShallowWrapper {}`;
